// Jest Snapshot v1, https://goo.gl/fbAQLP

exports[`Field should render shallow component ok 1`] = `
<div
  className="ui-field ui-field--legacy"
  onClick={undefined}
  style={Object {}}
>
  <div
    className={null}
    style={
      Object {
        "alignContent": "flex-start",
        "alignItems": "center",
        "display": "flex",
        "flexDirection": "row",
        "flexShrink": 0,
        "justifyContent": "space-between",
        "position": "relative",
      }
    }
  >
    <label
      className="ui-field-label"
      htmlFor={undefined}
      style={
        Object {
          "marginBottom": "4px",
          "marginRight": 0,
          "width": null,
        }
      }
      title={undefined}
    >
      My Label
    </label>
  </div>
  <div
    className="ui-input-container ui-input-container--margin-none"
  >
    <input
      className="ui-input ui-input--medium"
      defaultValue={undefined}
      disabled={false}
      name={undefined}
      onBlur={[Function]}
      onChange={[Function]}
      onFocus={[Function]}
      placeholder={undefined}
      readOnly={false}
      style={
        Object {
          "width": undefined,
        }
      }
      value="My Input Value"
    />
  </div>
  <span
    className="ui-field-hint"
    style={Object {}}
  >
    My Hint
  </span>
</div>
`;
