// Jest Snapshot v1, https://goo.gl/fbAQLP

exports[`FieldLabel should render shallow component ok 1`] = `
<label
  className="css-16ef8bd0 css-1i78l7h"
  color="navy600"
  htmlFor="user-email"
  onClick={undefined}
  size="small"
  style={Object {}}
  title={undefined}
>
  Your email
</label>
`;
