// Jest Snapshot v1, https://goo.gl/fbAQLP

exports[`components/toggle-button ToggleButton (default) should shallow render as expected 1`] = `
<Box
  alignItems="center"
  flexDirection="row"
  onClick={[Function]}
>
  <Styled(div)
    toggleButtonTheme="default"
  >
    <Styled(div)
      toggleButtonTheme="default"
    />
  </Styled(div)>
</Box>
`;
