// Jest Snapshot v1, https://goo.gl/fbAQLP

exports[`Radio should render shallow component ok 1`] = `
.emotion-1 {
  position: relative;
  -webkit-flex-direction: column;
  -ms-flex-direction: column;
  flex-direction: column;
  -webkit-align-items: stretch;
  -webkit-box-align: stretch;
  -ms-flex-align: stretch;
  align-items: stretch;
  -webkit-flex-shrink: 0;
  -ms-flex-negative: 0;
  flex-shrink: 0;
  -webkit-align-content: flex-start;
  -ms-flex-line-pack: flex-start;
  align-content: flex-start;
  display: -webkit-box;
  display: -webkit-flex;
  display: -ms-flexbox;
  display: flex;
}

<div
  className="ui-radio ui-radio--medium emotion-0 emotion-1"
  data-test="ui-radio"
  name={undefined}
  style={Object {}}
>
  <input
    checked={true}
    disabled={undefined}
    id="radio1"
    onChange={[Function]}
    type="radio"
  />
  <label
    htmlFor="radio1"
    onClick={undefined}
  />
</div>
`;
