// Jest Snapshot v1, https://goo.gl/fbAQLP

exports[`components/grid should render shallow component ok 1`] = `
<div
  className="container"
  css={Object {}}
>
  <div
    className="row"
    css={Object {}}
  >
    <div
      className="col-xs-2"
      css={Object {}}
    />
    <div
      className="col-xs-10"
      css={Object {}}
    />
  </div>
</div>
`;
