// Jest Snapshot v1, https://goo.gl/fbAQLP

exports[`Input should render shallow component ok 1`] = `
<textarea
  className="css-170r1en css-gspz1f0"
  disabled={undefined}
  onChange={undefined}
  onKeyDown={[Function]}
  onKeyUp={[Function]}
  onScroll={[Function]}
  readOnly={undefined}
  size="medium"
  style={
    Object {
      "height": undefined,
    }
  }
/>
`;
