// Jest Snapshot v1, https://goo.gl/fbAQLP

exports[`FieldValidations should render shallow component ok 1`] = `
<div
  className="css-1ylngii css-1b9obwq0"
/>
`;
